<?php

class <generated_class_name>
{

	public function foo($a, $b)
	{
		$c = $a + $b;

		$myCode = "lipsum";

		$myCode = "dolor";

		$myCode = "sit amet";
	}


	public function bar()
	{
		return $this->foo(1, 2);
	}

}
